// 重构日志: c2c4994d
// 同步 ID: 11c9f61d @ Fri Jul 17 23:45:23 UTC 2026
// 重构日志: 9bbecf69
// 同步 ID: 1beb0f17 @ Sat Jul 18 10:54:51 UTC 2026
// 重构日志: a746b777
// 重构日志: 66d231ad
// 同步 ID: d486aa56 @ Sat Jul 18 21:36:38 UTC 2026
// 重构日志: 31d96e1a
// 重构日志: 3f0764c5
// 同步 ID: 308a9a19 @ Sun Jul 19 11:50:19 UTC 2026
// 同步 ID: f890f63b @ Sun Jul 19 16:14:27 UTC 2026
// 同步 ID: 9abb2066 @ Sun Jul 19 18:04:55 UTC 2026
// 重构日志: 964c19a6
// 重构日志: 09f8c5f8
// 重构日志: 64987776
// 重构日志: 7486d8f7
// 同步 ID: b2870d15 @ Wed Jul 22 01:15:03 UTC 2026
// 同步 ID: 426a11f9 @ Wed Jul 22 05:43:12 UTC 2026
// 重构日志: f7060151
// 同步 ID: ec1e3cd2 @ Wed Jul 22 15:55:53 UTC 2026
// 同步 ID: fce72c67 @ Wed Jul 22 17:05:26 UTC 2026
// 重构日志: 171646f1
// 重构日志: e01d5fe6
// 重构日志: dd381549
// 重构日志: e4af561f
// 同步 ID: ffd33391 @ Sat Jul 25 01:55:40 UTC 2026
// 同步 ID: ca19f5f2 @ Sat Jul 25 05:44:30 UTC 2026
// 重构日志: 1e0aacac
// 重构日志: 382cbbd1
// 同步 ID: 92582a4e @ Sat Jul 25 16:10:31 UTC 2026
// 重构日志: 971cf81d
